[2025-12-09 13:54:57.379735] [info] RestApiServer created on port 8080
[2025-12-09 13:54:57.380041] [info] WebSocketServer created on port 8081
[2025-12-09 13:54:57.380204] [info] WebSocketServer starting on port 8081
[2025-12-09 13:54:57.380204] [info] WebSocketServer: Started auto updates with interval 1000ms
[2025-12-09 13:54:57.380269] [info] Run RestApiServer on port 8080
[2025-12-09 13:54:57.380244] [info] WebSocketServer: Auto update worker started
[2025-12-09 13:55:01.629919] [info] WebSocket client connected. Total clients: 1
[2025-12-09 13:55:02.380956] [debug] WebSocketServer: Broadcasting to 1 clients: {"server_time":"2025-12-09 13:55:02","timestamp":"1765277702380","isConnected":"False","numBoard":"0","numSteps":"0","numSpeed":"0.000000","numAccel":"0","numDecel":"0","currentPos":"0","startPos":"0","endPos":"0"}
[2025-12-09 13:55:03.237474] [info] GET /api/connect
[2025-12-09 13:55:03.381250] [debug] WebSocketServer: Broadcasting to 1 clients: {"server_time":"2025-12-09 13:55:03","timestamp":"1765277703381","isConnected":"True","numBoard":"0","numSteps":"0","numSpeed":"0.000000","numAccel":"0","numDecel":"0","currentPos":"0","startPos":"0","endPos":"0"}
[2025-12-09 13:55:03.900557] [info] POST /api/board/set {"numBoard":16}
[2025-12-09 13:55:04.256552] [info] POST /api/steps/set {"numSteps":1000}
[2025-12-09 13:55:04.381603] [debug] WebSocketServer: Broadcasting to 1 clients: {"server_time":"2025-12-09 13:55:04","timestamp":"1765277704381","isConnected":"True","numBoard":"16","numSteps":"1000","numSpeed":"0.000000","numAccel":"0","numDecel":"0","currentPos":"0","startPos":"0","endPos":"0"}
[2025-12-09 13:55:04.980535] [info] POST /api/speed/set {"numSpeed":10}
[2025-12-09 13:55:05.344536] [info] POST /api/accel/set {"numAccel":10}
[2025-12-09 13:55:05.381889] [debug] WebSocketServer: Broadcasting to 1 clients: {"server_time":"2025-12-09 13:55:05","timestamp":"1765277705381","isConnected":"True","numBoard":"16","numSteps":"1000","numSpeed":"10.000000","numAccel":"10","numDecel":"0","currentPos":"0","startPos":"0","endPos":"0"}
[2025-12-09 13:55:05.672541] [info] POST /api/decel/set {"numDecel":10}
[2025-12-09 13:55:05.928538] [info] GET /api/move/forward
[2025-12-09 13:55:06.382406] [debug] WebSocketServer: Broadcasting to 1 clients: {"server_time":"2025-12-09 13:55:06","timestamp":"1765277706382","isConnected":"True","numBoard":"16","numSteps":"1000","numSpeed":"10.000000","numAccel":"10","numDecel":"10","currentPos":"0","startPos":"0","endPos":"0"}
[2025-12-09 13:55:07.048545] [info] GET /api/move/backward
[2025-12-09 13:55:07.382704] [debug] WebSocketServer: Broadcasting to 1 clients: {"server_time":"2025-12-09 13:55:07","timestamp":"1765277707382","isConnected":"True","numBoard":"16","numSteps":"1000","numSpeed":"10.000000","numAccel":"10","numDecel":"10","currentPos":"0","startPos":"0","endPos":"0"}
[2025-12-09 13:55:07.432542] [info] GET /api/move/backward
[2025-12-09 13:55:07.912543] [info] GET /api/move/backward
[2025-12-09 13:55:08.383007] [debug] WebSocketServer: Broadcasting to 1 clients: {"server_time":"2025-12-09 13:55:08","timestamp":"1765277708382","isConnected":"True","numBoard":"16","numSteps":"1000","numSpeed":"10.000000","numAccel":"10","numDecel":"10","currentPos":"0","startPos":"0","endPos":"0"}
[2025-12-09 13:55:09.383288] [debug] WebSocketServer: Broadcasting to 1 clients: {"server_time":"2025-12-09 13:55:09","timestamp":"1765277709383","isConnected":"True","numBoard":"16","numSteps":"1000","numSpeed":"10.000000","numAccel":"10","numDecel":"10","currentPos":"0","startPos":"0","endPos":"0"}
[2025-12-09 13:55:09.421482] [info] WebSocket client disconnected (ENOTCONN)
[2025-12-09 13:55:09.421606] [info] Session removed. Active clients: 0
[2025-12-09 13:55:09.421649] [info] WebSocket session destroyed
[2025-12-09 14:23:18.742911] [info] RestApiServer created on port 8080
[2025-12-09 14:23:18.743227] [info] WebSocketServer created on port 8081
[2025-12-09 14:23:18.743456] [info] WebSocketServer: Started auto updates with interval 1000ms
[2025-12-09 14:23:18.743454] [info] WebSocketServer starting on port 8081
[2025-12-09 14:23:18.743501] [info] WebSocketServer: Auto update worker started
[2025-12-09 14:23:18.743553] [info] Run RestApiServer on port 8080
[2025-12-09 14:23:22.909520] [info] WebSocket client connected. Total clients: 1
[2025-12-09 14:23:23.744177] [debug] WebSocketServer: Broadcasting to 1 clients: {"server_time":"2025-12-09 14:23:23","timestamp":"1765279403744","isConnected":"False","numBoard":"0","numSteps":"0","numSpeed":"0.000000","numAccel":"0","numDecel":"0","currentPos":"0","startPos":"0","endPos":"0"}
[2025-12-09 14:23:24.310448] [info] GET /api/connect
[2025-12-09 14:23:24.597548] [info] POST /api/board/set {"numBoard":16}
[2025-12-09 14:23:24.744752] [debug] WebSocketServer: Broadcasting to 1 clients: {"server_time":"2025-12-09 14:23:24","timestamp":"1765279404744","isConnected":"True","numBoard":"16","numSteps":"0","numSpeed":"0.000000","numAccel":"0","numDecel":"0","currentPos":"0","startPos":"0","endPos":"0"}
[2025-12-09 14:23:24.897549] [info] POST /api/steps/set {"numSteps":1000}
[2025-12-09 14:23:25.609551] [info] POST /api/speed/set {"numSpeed":10}
[2025-12-09 14:23:25.745034] [debug] WebSocketServer: Broadcasting to 1 clients: {"server_time":"2025-12-09 14:23:25","timestamp":"1765279405744","isConnected":"True","numBoard":"16","numSteps":"1000","numSpeed":"10.000000","numAccel":"0","numDecel":"0","currentPos":"0","startPos":"0","endPos":"0"}
[2025-12-09 14:23:25.953643] [info] POST /api/accel/set {"numAccel":10}
[2025-12-09 14:23:26.217579] [info] POST /api/decel/set {"numDecel":10}
[2025-12-09 14:23:26.633554] [info] GET /api/move/forward
[2025-12-09 14:23:26.745322] [debug] WebSocketServer: Broadcasting to 1 clients: {"server_time":"2025-12-09 14:23:26","timestamp":"1765279406745","isConnected":"True","numBoard":"16","numSteps":"1000","numSpeed":"10.000000","numAccel":"10","numDecel":"10","currentPos":"0","startPos":"0","endPos":"0"}
[2025-12-09 14:23:27.745621] [debug] WebSocketServer: Broadcasting to 1 clients: {"server_time":"2025-12-09 14:23:27","timestamp":"1765279407745","isConnected":"True","numBoard":"16","numSteps":"1000","numSpeed":"10.000000","numAccel":"10","numDecel":"10","currentPos":"0","startPos":"0","endPos":"0"}
[2025-12-09 14:23:28.249571] [info] GET /api/move/backward
[2025-12-09 14:23:28.745938] [debug] WebSocketServer: Broadcasting to 1 clients: {"server_time":"2025-12-09 14:23:28","timestamp":"1765279408745","isConnected":"True","numBoard":"16","numSteps":"1000","numSpeed":"10.000000","numAccel":"10","numDecel":"10","currentPos":"0","startPos":"0","endPos":"0"}
[2025-12-09 14:23:29.734886] [info] WebSocket client disconnected (ENOTCONN)
[2025-12-09 14:23:29.734972] [info] Session removed. Active clients: 0
[2025-12-09 14:23:29.735002] [info] WebSocket session destroyed
[2025-12-09 14:35:17.193907] [info] RestApiServer created on port 8080
[2025-12-09 14:35:17.194085] [info] WebSocketServer created on port 8081
[2025-12-09 14:35:17.194235] [info] WebSocketServer: Started auto updates with interval 1000ms
[2025-12-09 14:35:17.194234] [info] WebSocketServer starting on port 8081
[2025-12-09 14:35:17.194275] [info] WebSocketServer: Auto update worker started
[2025-12-09 14:35:17.194283] [info] Run RestApiServer on port 8080
[2025-12-09 14:35:19.724909] [info] WebSocket client connected. Total clients: 1
[2025-12-09 14:35:20.194766] [debug] WebSocketServer: Broadcasting to 1 clients: {"server_time":"2025-12-09 14:35:20","timestamp":"1765280120194","isConnected":"False","numBoard":"0","numSteps":"0","numSpeed":"0.000000","numAccel":"0","numDecel":"0","currentPos":"0","startPos":"0","endPos":"0"}
[2025-12-09 14:35:21.195176] [debug] WebSocketServer: Broadcasting to 1 clients: {"server_time":"2025-12-09 14:35:21","timestamp":"1765280121195","isConnected":"False","numBoard":"0","numSteps":"0","numSpeed":"0.000000","numAccel":"0","numDecel":"0","currentPos":"0","startPos":"0","endPos":"0"}
[2025-12-09 14:35:21.927466] [info] GET /api/connect
[2025-12-09 14:35:22.195561] [debug] WebSocketServer: Broadcasting to 1 clients: {"server_time":"2025-12-09 14:35:22","timestamp":"1765280122195","isConnected":"True","numBoard":"0","numSteps":"0","numSpeed":"0.000000","numAccel":"0","numDecel":"0","currentPos":"0","startPos":"0","endPos":"0"}
[2025-12-09 14:35:22.230389] [info] POST /api/board/set {"numBoard":16}
[2025-12-09 14:35:22.538389] [info] POST /api/steps/set {"numSteps":1000}
[2025-12-09 14:35:22.882371] [info] POST /api/speed/set {"numSpeed":10}
[2025-12-09 14:35:23.186374] [info] POST /api/accel/set {"numAccel":10}
[2025-12-09 14:35:23.195874] [debug] WebSocketServer: Broadcasting to 1 clients: {"server_time":"2025-12-09 14:35:23","timestamp":"1765280123195","isConnected":"True","numBoard":"16","numSteps":"1000","numSpeed":"10.000000","numAccel":"10","numDecel":"0","currentPos":"0","startPos":"0","endPos":"0"}
[2025-12-09 14:35:23.466387] [info] POST /api/decel/set {"numDecel":10}
[2025-12-09 14:35:23.746375] [info] GET /api/move/forward
[2025-12-09 14:35:24.196398] [debug] WebSocketServer: Broadcasting to 1 clients: {"server_time":"2025-12-09 14:35:24","timestamp":"1765280124196","isConnected":"True","numBoard":"16","numSteps":"1000","numSpeed":"10.000000","numAccel":"10","numDecel":"10","currentPos":"0","startPos":"0","endPos":"0"}
[2025-12-09 14:35:25.196691] [debug] WebSocketServer: Broadcasting to 1 clients: {"server_time":"2025-12-09 14:35:25","timestamp":"1765280125196","isConnected":"True","numBoard":"16","numSteps":"1000","numSpeed":"10.000000","numAccel":"10","numDecel":"10","currentPos":"0","startPos":"0","endPos":"0"}
[2025-12-09 14:35:25.282370] [info] GET /api/move/backward
[2025-12-09 14:35:26.196973] [debug] WebSocketServer: Broadcasting to 1 clients: {"server_time":"2025-12-09 14:35:26","timestamp":"1765280126196","isConnected":"True","numBoard":"16","numSteps":"1000","numSpeed":"10.000000","numAccel":"10","numDecel":"10","currentPos":"0","startPos":"0","endPos":"0"}
[2025-12-09 14:35:26.618382] [info] GET /api/move/backward
[2025-12-09 14:35:27.197236] [debug] WebSocketServer: Broadcasting to 1 clients: {"server_time":"2025-12-09 14:35:27","timestamp":"1765280127197","isConnected":"True","numBoard":"16","numSteps":"1000","numSpeed":"10.000000","numAccel":"10","numDecel":"10","currentPos":"0","startPos":"0","endPos":"0"}
[2025-12-09 14:35:27.870741] [info] WebSocket client disconnected (ENOTCONN)
[2025-12-09 14:35:27.870856] [info] Session removed. Active clients: 0
[2025-12-09 14:35:27.870895] [info] WebSocket session destroyed
[2025-12-09 15:01:26.778616] [info] RestApiServer created on port 8080
[2025-12-09 15:01:26.778832] [info] WebSocketServer created on port 8081
[2025-12-09 15:01:26.778981] [info] WebSocketServer: Started auto updates with interval 1000ms
[2025-12-09 15:01:26.779023] [info] Run RestApiServer on port 8080
[2025-12-09 15:01:26.779000] [info] WebSocketServer starting on port 8081
[2025-12-09 15:01:26.779026] [info] WebSocketServer: Auto update worker started
[2025-12-09 15:01:29.811405] [info] WebSocket client connected. Total clients: 1
[2025-12-09 15:01:30.779595] [debug] WebSocketServer: Broadcasting to 1 clients: {"server_time":"2025-12-09 15:01:30","timestamp":"1765281690779","isConnected":"False","numBoard":"0","numSteps":"0","numSpeed":"0.000000","numAccel":"0","numDecel":"0","currentPos":"0","startPos":"0","endPos":"0"}
[2025-12-09 15:01:31.779884] [debug] WebSocketServer: Broadcasting to 1 clients: {"server_time":"2025-12-09 15:01:31","timestamp":"1765281691779","isConnected":"False","numBoard":"0","numSteps":"0","numSpeed":"0.000000","numAccel":"0","numDecel":"0","currentPos":"0","startPos":"0","endPos":"0"}
[2025-12-09 15:01:31.823448] [info] GET /api/connect
[2025-12-09 15:01:32.142098] [info] POST /api/board/set {"numBoard":16}
[2025-12-09 15:01:32.578091] [info] POST /api/steps/set {"numSteps":1000}
[2025-12-09 15:01:32.780181] [debug] WebSocketServer: Broadcasting to 1 clients: {"server_time":"2025-12-09 15:01:32","timestamp":"1765281692780","isConnected":"True","numBoard":"16","numSteps":"1000","numSpeed":"0.000000","numAccel":"0","numDecel":"0","currentPos":"0","startPos":"0","endPos":"0"}
[2025-12-09 15:01:32.906105] [info] POST /api/speed/set {"numSpeed":10}
[2025-12-09 15:01:33.210089] [info] POST /api/accel/set {"numAccel":10}
[2025-12-09 15:01:33.506104] [info] POST /api/decel/set {"numDecel":10}
[2025-12-09 15:01:33.780542] [debug] WebSocketServer: Broadcasting to 1 clients: {"server_time":"2025-12-09 15:01:33","timestamp":"1765281693780","isConnected":"True","numBoard":"16","numSteps":"1000","numSpeed":"10.000000","numAccel":"10","numDecel":"10","currentPos":"0","startPos":"0","endPos":"0"}
[2025-12-09 15:01:33.834089] [info] GET /api/move/forward
[2025-12-09 15:01:34.780828] [debug] WebSocketServer: Broadcasting to 1 clients: {"server_time":"2025-12-09 15:01:34","timestamp":"1765281694780","isConnected":"True","numBoard":"16","numSteps":"1000","numSpeed":"10.000000","numAccel":"10","numDecel":"10","currentPos":"0","startPos":"0","endPos":"0"}
[2025-12-09 15:01:35.450105] [info] GET /api/move/backward
[2025-12-09 15:01:35.781129] [debug] WebSocketServer: Broadcasting to 1 clients: {"server_time":"2025-12-09 15:01:35","timestamp":"1765281695781","isConnected":"True","numBoard":"16","numSteps":"1000","numSpeed":"10.000000","numAccel":"10","numDecel":"10","currentPos":"0","startPos":"0","endPos":"0"}
[2025-12-09 15:01:36.781431] [debug] WebSocketServer: Broadcasting to 1 clients: {"server_time":"2025-12-09 15:01:36","timestamp":"1765281696781","isConnected":"True","numBoard":"16","numSteps":"1000","numSpeed":"10.000000","numAccel":"10","numDecel":"10","currentPos":"0","startPos":"0","endPos":"0"}
[2025-12-09 15:01:37.114097] [info] GET /api/homing/zero
[2025-12-09 15:01:37.778091] [info] GET /api/homing/max
[2025-12-09 15:01:37.781715] [debug] WebSocketServer: Broadcasting to 1 clients: {"server_time":"2025-12-09 15:01:37","timestamp":"1765281697781","isConnected":"True","numBoard":"16","numSteps":"1000","numSpeed":"10.000000","numAccel":"10","numDecel":"10","currentPos":"0","startPos":"0","endPos":"0"}
[2025-12-09 15:01:38.178087] [info] GET /api/homing/zero
[2025-12-09 15:01:38.466103] [info] GET /api/homing/max
[2025-12-09 15:01:38.782209] [debug] WebSocketServer: Broadcasting to 1 clients: {"server_time":"2025-12-09 15:01:38","timestamp":"1765281698782","isConnected":"True","numBoard":"16","numSteps":"1000","numSpeed":"10.000000","numAccel":"10","numDecel":"10","currentPos":"0","startPos":"0","endPos":"0"}
[2025-12-09 15:01:39.490096] [info] GET /api/move/stop
[2025-12-09 15:01:39.782531] [debug] WebSocketServer: Broadcasting to 1 clients: {"server_time":"2025-12-09 15:01:39","timestamp":"1765281699782","isConnected":"True","numBoard":"16","numSteps":"1000","numSpeed":"10.000000","numAccel":"10","numDecel":"10","currentPos":"0","startPos":"0","endPos":"0"}
[2025-12-09 15:01:40.186090] [info] GET /api/move/stop
[2025-12-09 15:01:40.782828] [debug] WebSocketServer: Broadcasting to 1 clients: {"server_time":"2025-12-09 15:01:40","timestamp":"1765281700782","isConnected":"True","numBoard":"16","numSteps":"1000","numSpeed":"10.000000","numAccel":"10","numDecel":"10","currentPos":"0","startPos":"0","endPos":"0"}
[2025-12-09 15:01:41.783082] [debug] WebSocketServer: Broadcasting to 1 clients: {"server_time":"2025-12-09 15:01:41","timestamp":"1765281701783","isConnected":"True","numBoard":"16","numSteps":"1000","numSpeed":"10.000000","numAccel":"10","numDecel":"10","currentPos":"0","startPos":"0","endPos":"0"}
[2025-12-09 15:01:41.886504] [info] WebSocket client disconnected (ENOTCONN)
[2025-12-09 15:01:41.886591] [info] Session removed. Active clients: 0
[2025-12-09 15:01:41.886618] [info] WebSocket session destroyed
