[2026-01-28 16:20:49.767663] [info] RestApiServer created on port 8080
[2026-01-28 16:20:49.767908] [info] WebSocketServer created on port 8081
[2026-01-28 16:20:49.768036] [info] GrpcApiServer created on port 50051
[2026-01-28 16:20:49.768165] [info] WebSocketServer starting on port 8081
[2026-01-28 16:20:49.768252] [info] WebSocketServer: Auto update worker started
[2026-01-28 16:20:49.768211] [info] WebSocketServer: Started auto updates with interval 1000ms
[2026-01-28 16:20:49.768482] [info] Run RestApiServer on port 8080
[2026-01-28 16:20:49.770276] [info] Run gRPC Server on 0.0.0.0:50051
[2026-01-28 16:20:54.256515] [info] WebSocket client connected. Total clients: 1
[2026-01-28 16:20:54.768926] [debug] WebSocketServer: Broadcasting to 1 clients: {"server_time":"2026-01-28 16:20:54","timestamp":"1769606454768","isConnected":"False","numBoard":"0","numSteps":"23766","numSpeed":"386606812407005174639063046872367104.000000","numAccel":"214","numDecel":"92","currentPos":"112","startPos":"1130381600","endPos":"31082"}
[2026-01-28 16:20:55.424739] [info] GET /api/connect
[2026-01-28 16:20:55.769248] [debug] WebSocketServer: Broadcasting to 1 clients: {"server_time":"2026-01-28 16:20:55","timestamp":"1769606455769","isConnected":"True","numBoard":"0","numSteps":"23766","numSpeed":"386606812407005174639063046872367104.000000","numAccel":"214","numDecel":"92","currentPos":"112","startPos":"1130381600","endPos":"31082"}
[2026-01-28 16:20:55.854962] [info] POST /api/board/set {"numBoard":0}
[2026-01-28 16:20:56.210952] [info] POST /api/steps/set {"numSteps":1000}
[2026-01-28 16:20:56.578957] [info] POST /api/speed/set {"numSpeed":10}
[2026-01-28 16:20:56.769509] [debug] WebSocketServer: Broadcasting to 1 clients: {"server_time":"2026-01-28 16:20:56","timestamp":"1769606456769","isConnected":"True","numBoard":"0","numSteps":"1000","numSpeed":"10.000000","numAccel":"214","numDecel":"92","currentPos":"112","startPos":"1130381600","endPos":"31082"}
[2026-01-28 16:20:56.890955] [info] POST /api/accel/set {"numAccel":10}
[2026-01-28 16:20:57.210952] [info] POST /api/decel/set {"numDecel":10}
[2026-01-28 16:20:57.530955] [info] GET /api/move/forward
[2026-01-28 16:20:57.769820] [debug] WebSocketServer: Broadcasting to 1 clients: {"server_time":"2026-01-28 16:20:57","timestamp":"1769606457769","isConnected":"True","numBoard":"0","numSteps":"1000","numSpeed":"10.000000","numAccel":"10","numDecel":"10","currentPos":"112","startPos":"1130381600","endPos":"31082"}
[2026-01-28 16:20:58.674949] [info] GET /api/move/backward
[2026-01-28 16:20:58.770102] [debug] WebSocketServer: Broadcasting to 1 clients: {"server_time":"2026-01-28 16:20:58","timestamp":"1769606458770","isConnected":"True","numBoard":"0","numSteps":"1000","numSpeed":"10.000000","numAccel":"10","numDecel":"10","currentPos":"112","startPos":"1130381600","endPos":"31082"}
[2026-01-28 16:20:59.218951] [info] GET /api/move/backward
[2026-01-28 16:20:59.714961] [info] GET /api/move/backward
[2026-01-28 16:20:59.770374] [debug] WebSocketServer: Broadcasting to 1 clients: {"server_time":"2026-01-28 16:20:59","timestamp":"1769606459770","isConnected":"True","numBoard":"0","numSteps":"1000","numSpeed":"10.000000","numAccel":"10","numDecel":"10","currentPos":"112","startPos":"1130381600","endPos":"31082"}
[2026-01-28 16:21:00.162953] [info] GET /api/move/backward
[2026-01-28 16:21:00.498951] [info] GET /api/move/backward
[2026-01-28 16:21:00.658955] [info] GET /api/move/backward
[2026-01-28 16:21:00.770659] [debug] WebSocketServer: Broadcasting to 1 clients: {"server_time":"2026-01-28 16:21:00","timestamp":"1769606460770","isConnected":"True","numBoard":"0","numSteps":"1000","numSpeed":"10.000000","numAccel":"10","numDecel":"10","currentPos":"112","startPos":"1130381600","endPos":"31082"}
[2026-01-28 16:21:00.810953] [info] GET /api/move/backward
[2026-01-28 16:21:00.954953] [info] GET /api/move/backward
[2026-01-28 16:21:01.106964] [info] GET /api/move/backward
[2026-01-28 16:21:01.282947] [info] GET /api/move/backward
[2026-01-28 16:21:01.458953] [info] GET /api/move/backward
[2026-01-28 16:21:01.642950] [info] GET /api/move/backward
[2026-01-28 16:21:01.770935] [debug] WebSocketServer: Broadcasting to 1 clients: {"server_time":"2026-01-28 16:21:01","timestamp":"1769606461770","isConnected":"True","numBoard":"0","numSteps":"1000","numSpeed":"10.000000","numAccel":"10","numDecel":"10","currentPos":"112","startPos":"1130381600","endPos":"31082"}
[2026-01-28 16:21:02.771204] [debug] WebSocketServer: Broadcasting to 1 clients: {"server_time":"2026-01-28 16:21:02","timestamp":"1769606462771","isConnected":"True","numBoard":"0","numSteps":"1000","numSpeed":"10.000000","numAccel":"10","numDecel":"10","currentPos":"112","startPos":"1130381600","endPos":"31082"}
[2026-01-28 16:21:03.170950] [info] GET /api/move/forward
[2026-01-28 16:21:03.771469] [debug] WebSocketServer: Broadcasting to 1 clients: {"server_time":"2026-01-28 16:21:03","timestamp":"1769606463771","isConnected":"True","numBoard":"0","numSteps":"1000","numSpeed":"10.000000","numAccel":"10","numDecel":"10","currentPos":"112","startPos":"1130381600","endPos":"31082"}
[2026-01-28 16:21:04.471741] [info] POST /api/board/set {"numBoard":0}
[2026-01-28 16:21:04.682955] [info] POST /api/steps/set {"numSteps":1000}
[2026-01-28 16:21:04.771757] [debug] WebSocketServer: Broadcasting to 1 clients: {"server_time":"2026-01-28 16:21:04","timestamp":"1769606464771","isConnected":"True","numBoard":"0","numSteps":"1000","numSpeed":"10.000000","numAccel":"10","numDecel":"10","currentPos":"112","startPos":"1130381600","endPos":"31082"}
[2026-01-28 16:21:05.034949] [info] POST /api/speed/set {"numSpeed":10}
[2026-01-28 16:21:05.354947] [info] POST /api/accel/set {"numAccel":10}
[2026-01-28 16:21:05.754951] [info] POST /api/decel/set {"numDecel":10}
[2026-01-28 16:21:05.772022] [debug] WebSocketServer: Broadcasting to 1 clients: {"server_time":"2026-01-28 16:21:05","timestamp":"1769606465771","isConnected":"True","numBoard":"0","numSteps":"1000","numSpeed":"10.000000","numAccel":"10","numDecel":"10","currentPos":"112","startPos":"1130381600","endPos":"31082"}
[2026-01-28 16:21:06.274949] [info] GET /api/move/backward
[2026-01-28 16:21:06.772568] [debug] WebSocketServer: Broadcasting to 1 clients: {"server_time":"2026-01-28 16:21:06","timestamp":"1769606466772","isConnected":"True","numBoard":"0","numSteps":"1000","numSpeed":"10.000000","numAccel":"10","numDecel":"10","currentPos":"112","startPos":"1130381600","endPos":"31082"}
[2026-01-28 16:21:07.698948] [info] GET /api/move/backward
[2026-01-28 16:21:07.772852] [debug] WebSocketServer: Broadcasting to 1 clients: {"server_time":"2026-01-28 16:21:07","timestamp":"1769606467772","isConnected":"True","numBoard":"0","numSteps":"1000","numSpeed":"10.000000","numAccel":"10","numDecel":"10","currentPos":"112","startPos":"1130381600","endPos":"31082"}
[2026-01-28 16:21:08.722944] [info] GET /api/move/forward
[2026-01-28 16:21:08.773122] [debug] WebSocketServer: Broadcasting to 1 clients: {"server_time":"2026-01-28 16:21:08","timestamp":"1769606468773","isConnected":"True","numBoard":"0","numSteps":"1000","numSpeed":"10.000000","numAccel":"10","numDecel":"10","currentPos":"112","startPos":"1130381600","endPos":"31082"}
[2026-01-28 16:21:09.773419] [debug] WebSocketServer: Broadcasting to 1 clients: {"server_time":"2026-01-28 16:21:09","timestamp":"1769606469773","isConnected":"True","numBoard":"0","numSteps":"1000","numSpeed":"10.000000","numAccel":"10","numDecel":"10","currentPos":"112","startPos":"1130381600","endPos":"31082"}
[2026-01-28 16:21:09.986946] [info] GET /api/move/forward
[2026-01-28 16:21:10.773691] [debug] WebSocketServer: Broadcasting to 1 clients: {"server_time":"2026-01-28 16:21:10","timestamp":"1769606470773","isConnected":"True","numBoard":"0","numSteps":"1000","numSpeed":"10.000000","numAccel":"10","numDecel":"10","currentPos":"112","startPos":"1130381600","endPos":"31082"}
[2026-01-28 16:21:11.218946] [info] GET /api/move/backward
[2026-01-28 16:21:11.773961] [debug] WebSocketServer: Broadcasting to 1 clients: {"server_time":"2026-01-28 16:21:11","timestamp":"1769606471773","isConnected":"True","numBoard":"0","numSteps":"1000","numSpeed":"10.000000","numAccel":"10","numDecel":"10","currentPos":"112","startPos":"1130381600","endPos":"31082"}
[2026-01-28 16:21:12.434946] [info] GET /api/move/backward
[2026-01-28 16:21:12.774307] [debug] WebSocketServer: Broadcasting to 1 clients: {"server_time":"2026-01-28 16:21:12","timestamp":"1769606472774","isConnected":"True","numBoard":"0","numSteps":"1000","numSpeed":"10.000000","numAccel":"10","numDecel":"10","currentPos":"112","startPos":"1130381600","endPos":"31082"}
[2026-01-28 16:21:13.774665] [debug] WebSocketServer: Broadcasting to 1 clients: {"server_time":"2026-01-28 16:21:13","timestamp":"1769606473774","isConnected":"True","numBoard":"0","numSteps":"1000","numSpeed":"10.000000","numAccel":"10","numDecel":"10","currentPos":"112","startPos":"1130381600","endPos":"31082"}
[2026-01-28 16:21:14.615995] [info] WebSocket client disconnected (ENOTCONN)
[2026-01-28 16:21:14.616100] [info] Session removed. Active clients: 0
[2026-01-28 16:21:14.616148] [info] WebSocket session destroyed
[2026-01-28 16:26:30.880400] [info] RestApiServer created on port 8080
[2026-01-28 16:26:30.880655] [info] WebSocketServer created on port 8081
[2026-01-28 16:26:30.880777] [info] GrpcApiServer created on port 50051
[2026-01-28 16:26:30.881582] [info] MqttApiServer created. Broker: tcp://localhost:1883
[2026-01-28 16:26:30.881731] [info] WebSocketServer: Started auto updates with interval 1000ms
[2026-01-28 16:26:30.881724] [info] WebSocketServer starting on port 8081
[2026-01-28 16:26:30.881775] [info] WebSocketServer: Auto update worker started
[2026-01-28 16:26:30.881876] [info] Connecting to MQTT Broker...
[2026-01-28 16:26:30.881947] [info] Run RestApiServer on port 8080
[2026-01-28 16:26:30.883831] [info] Run gRPC Server on 0.0.0.0:50051
[2026-01-28 16:26:30.982225] [error] MQTT Connection failed
[2026-01-28 16:26:30.989087] [error] MQTT Error: MQTT error [-1]: TCP/TLS connect failure
[2026-01-28 16:26:46.578482] [info] WebSocket client connected. Total clients: 1
[2026-01-28 16:26:46.884326] [debug] WebSocketServer: Broadcasting to 1 clients: {"server_time":"2026-01-28 16:26:46","timestamp":"1769606806884","isConnected":"False","numBoard":"0","numSteps":"25421","numSpeed":"41929338595798610627335977849550012416.000000","numAccel":"77","numDecel":"99","currentPos":"112","startPos":"2585805088","endPos":"31478"}
[2026-01-28 16:26:47.640717] [info] GET /api/connect
[2026-01-28 16:26:47.884653] [debug] WebSocketServer: Broadcasting to 1 clients: {"server_time":"2026-01-28 16:26:47","timestamp":"1769606807884","isConnected":"True","numBoard":"0","numSteps":"25421","numSpeed":"41929338595798610627335977849550012416.000000","numAccel":"77","numDecel":"99","currentPos":"112","startPos":"2585805088","endPos":"31478"}
[2026-01-28 16:26:48.014731] [info] POST /api/board/set {"numBoard":0}
[2026-01-28 16:26:48.414708] [info] POST /api/steps/set {"numSteps":1000}
[2026-01-28 16:26:48.818710] [info] POST /api/speed/set {"numSpeed":10}
[2026-01-28 16:26:48.884950] [debug] WebSocketServer: Broadcasting to 1 clients: {"server_time":"2026-01-28 16:26:48","timestamp":"1769606808884","isConnected":"True","numBoard":"0","numSteps":"1000","numSpeed":"10.000000","numAccel":"77","numDecel":"99","currentPos":"112","startPos":"2585805088","endPos":"31478"}
[2026-01-28 16:26:49.226731] [info] POST /api/accel/set {"numAccel":10}
[2026-01-28 16:26:49.618712] [info] POST /api/decel/set {"numDecel":10}
[2026-01-28 16:26:49.885245] [debug] WebSocketServer: Broadcasting to 1 clients: {"server_time":"2026-01-28 16:26:49","timestamp":"1769606809885","isConnected":"True","numBoard":"0","numSteps":"1000","numSpeed":"10.000000","numAccel":"10","numDecel":"10","currentPos":"112","startPos":"2585805088","endPos":"31478"}
[2026-01-28 16:26:49.914713] [info] GET /api/move/forward
[2026-01-28 16:26:50.885513] [debug] WebSocketServer: Broadcasting to 1 clients: {"server_time":"2026-01-28 16:26:50","timestamp":"1769606810885","isConnected":"True","numBoard":"0","numSteps":"1000","numSpeed":"10.000000","numAccel":"10","numDecel":"10","currentPos":"112","startPos":"2585805088","endPos":"31478"}
[2026-01-28 16:26:50.978712] [info] GET /api/move/backward
[2026-01-28 16:26:51.885799] [debug] WebSocketServer: Broadcasting to 1 clients: {"server_time":"2026-01-28 16:26:51","timestamp":"1769606811885","isConnected":"True","numBoard":"0","numSteps":"1000","numSpeed":"10.000000","numAccel":"10","numDecel":"10","currentPos":"112","startPos":"2585805088","endPos":"31478"}
[2026-01-28 16:26:52.503885] [info] WebSocket client disconnected (ENOTCONN)
[2026-01-28 16:26:52.503983] [info] Session removed. Active clients: 0
[2026-01-28 16:26:52.504024] [info] WebSocket session destroyed
[2026-01-28 16:26:58.912067] [info] RestApiServer created on port 8080
[2026-01-28 16:26:58.912241] [info] WebSocketServer created on port 8081
[2026-01-28 16:26:58.912346] [info] GrpcApiServer created on port 50051
[2026-01-28 16:26:58.912987] [info] MqttApiServer created. Broker: tcp://localhost:1883
[2026-01-28 16:26:58.913079] [info] WebSocketServer starting on port 8081
[2026-01-28 16:26:58.913099] [info] WebSocketServer: Started auto updates with interval 1000ms
[2026-01-28 16:26:58.913138] [info] WebSocketServer: Auto update worker started
[2026-01-28 16:26:58.913200] [info] Connecting to MQTT Broker...
[2026-01-28 16:26:58.913282] [info] Run RestApiServer on port 8080
[2026-01-28 16:26:58.915672] [info] Run gRPC Server on 0.0.0.0:50051
[2026-01-28 16:26:59.013865] [error] MQTT Connection failed
[2026-01-28 16:26:59.014069] [error] MQTT Error: MQTT error [-1]: TCP/TLS connect failure
[2026-01-28 16:29:10.444247] [info] RestApiServer created on port 8080
[2026-01-28 16:29:10.444412] [info] WebSocketServer created on port 8081
[2026-01-28 16:29:10.444501] [info] GrpcApiServer created on port 50051
[2026-01-28 16:29:10.445114] [info] MqttApiServer created. Broker: tcp://localhost:1883
[2026-01-28 16:29:10.445222] [info] WebSocketServer: Started auto updates with interval 1000ms
[2026-01-28 16:29:10.445214] [info] WebSocketServer starting on port 8081
[2026-01-28 16:29:10.445263] [info] WebSocketServer: Auto update worker started
[2026-01-28 16:29:10.445335] [info] Connecting to MQTT Broker...
[2026-01-28 16:29:10.445383] [info] Run RestApiServer on port 8080
[2026-01-28 16:29:10.447244] [info] Run gRPC Server on 0.0.0.0:50051
[2026-01-28 16:29:10.456114] [info] MQTT Connected successfully
[2026-01-28 16:33:06.186143] [info] RestApiServer created on port 8080
[2026-01-28 16:33:06.186301] [info] WebSocketServer created on port 8081
[2026-01-28 16:33:06.186400] [info] GrpcApiServer created on port 50051
[2026-01-28 16:33:06.187044] [info] MqttApiServer created. Broker: tcp://localhost:1883
[2026-01-28 16:33:06.187173] [info] WebSocketServer starting on port 8081
[2026-01-28 16:33:06.187201] [info] WebSocketServer: Started auto updates with interval 1000ms
[2026-01-28 16:33:06.187255] [info] WebSocketServer: Auto update worker started
[2026-01-28 16:33:06.187346] [info] Connecting to MQTT Broker...
[2026-01-28 16:33:06.187437] [info] Run RestApiServer on port 8080
[2026-01-28 16:33:06.189295] [info] Run gRPC Server on 0.0.0.0:50051
[2026-01-28 16:33:06.198193] [info] MQTT Connected successfully
[2026-01-28 16:39:51.487809] [info] RestApiServer created on port 8080
[2026-01-28 16:39:51.487998] [info] WebSocketServer created on port 8081
[2026-01-28 16:39:51.488098] [info] GrpcApiServer created on port 50051
[2026-01-28 16:39:51.488742] [info] MqttApiServer created. Broker: tcp://localhost:1883
[2026-01-28 16:39:51.488864] [info] WebSocketServer starting on port 8081
[2026-01-28 16:39:51.488897] [info] WebSocketServer: Started auto updates with interval 1000ms
[2026-01-28 16:39:51.488982] [info] WebSocketServer: Auto update worker started
[2026-01-28 16:39:51.489023] [info] Connecting to MQTT Broker...
[2026-01-28 16:39:51.489131] [info] Run RestApiServer on port 8080
[2026-01-28 16:39:51.491134] [info] Run gRPC Server on 0.0.0.0:50051
[2026-01-28 16:39:51.499909] [info] MQTT Connected successfully
[2026-01-28 16:40:58.008518] [info] RestApiServer created on port 8080
[2026-01-28 16:40:58.008765] [info] WebSocketServer created on port 8081
[2026-01-28 16:40:58.008963] [info] GrpcApiServer created on port 50051
[2026-01-28 16:40:58.009726] [info] MqttApiServer created. Broker: tcp://localhost:1883
[2026-01-28 16:40:58.009857] [info] WebSocketServer: Started auto updates with interval 1000ms
[2026-01-28 16:40:58.009843] [info] WebSocketServer starting on port 8081
[2026-01-28 16:40:58.009892] [info] WebSocketServer: Auto update worker started
[2026-01-28 16:40:58.010018] [info] Connecting to MQTT Broker...
[2026-01-28 16:40:58.010082] [info] Run RestApiServer on port 8080
[2026-01-28 16:40:58.012087] [info] Run gRPC Server on 0.0.0.0:50051
[2026-01-28 16:40:58.020732] [info] MQTT Connected successfully
[2026-01-28 16:44:02.764845] [info] RestApiServer created on port 8080
[2026-01-28 16:44:02.765051] [info] WebSocketServer created on port 8081
[2026-01-28 16:44:02.765154] [info] GrpcApiServer created on port 50051
[2026-01-28 16:44:02.765800] [info] MqttApiServer created. Broker: tcp://localhost:1883
[2026-01-28 16:44:02.765910] [info] WebSocketServer: Started auto updates with interval 1000ms
[2026-01-28 16:44:02.765942] [info] WebSocketServer: Auto update worker started
[2026-01-28 16:44:02.765895] [info] WebSocketServer starting on port 8081
[2026-01-28 16:44:02.766043] [info] Connecting to MQTT Brokear...
[2026-01-28 16:44:02.766114] [info] Run RestApiServer on port 8080
[2026-01-28 16:44:02.767972] [info] Run gRPC Server on 0.0.0.0:50051
[2026-01-28 16:44:02.876583] [info] MQTT Connected successfully
[2026-01-28 17:02:04.093815] [info] RestApiServer created on port 8080
[2026-01-28 17:02:04.094021] [info] WebSocketServer created on port 8081
[2026-01-28 17:02:04.094128] [info] GrpcApiServer created on port 50051
[2026-01-28 17:02:04.094752] [info] MqttApiServer created. Broker: tcp://localhost:1883
[2026-01-28 17:02:04.094856] [info] WebSocketServer: Started auto updates with interval 1000ms
[2026-01-28 17:02:04.094842] [info] WebSocketServer starting on port 8081
[2026-01-28 17:02:04.094899] [info] WebSocketServer: Auto update worker started
[2026-01-28 17:02:04.094994] [info] Connecting to MQTT Brokear...
[2026-01-28 17:02:04.095062] [info] Run RestApiServer on port 8080
[2026-01-28 17:02:04.096915] [info] Run gRPC Server on 0.0.0.0:50051
[2026-01-28 17:02:04.105667] [info] MQTT Connected successfully
[2026-01-28 17:02:09.223671] [info] WebSocket client connected. Total clients: 1
[2026-01-28 17:02:10.103005] [debug] WebSocketServer: Broadcasting to 1 clients: {"server_time":"2026-01-28 17:02:10","timestamp":"1769608930102","isConnected":"False","numBoard":"0","numSteps":"24131","numSpeed":"0.000000","numAccel":"67","numDecel":"94","currentPos":"112","startPos":"1463828768","endPos":"29446"}
[2026-01-28 17:02:11.103648] [debug] WebSocketServer: Broadcasting to 1 clients: {"server_time":"2026-01-28 17:02:11","timestamp":"1769608931103","isConnected":"False","numBoard":"0","numSteps":"24131","numSpeed":"0.000000","numAccel":"67","numDecel":"94","currentPos":"112","startPos":"1463828768","endPos":"29446"}
[2026-01-28 17:02:11.110732] [info] GET /api/connect
[2026-01-28 17:02:11.509496] [info] POST /api/board/set {"numBoard":0}
[2026-01-28 17:02:11.873464] [info] POST /api/steps/set {"numSteps":1000}
[2026-01-28 17:02:12.103930] [debug] WebSocketServer: Broadcasting to 1 clients: {"server_time":"2026-01-28 17:02:12","timestamp":"1769608932103","isConnected":"True","numBoard":"0","numSteps":"1000","numSpeed":"0.000000","numAccel":"67","numDecel":"94","currentPos":"112","startPos":"1463828768","endPos":"29446"}
[2026-01-28 17:02:12.305475] [info] POST /api/speed/set {"numSpeed":10}
[2026-01-28 17:02:12.673465] [info] POST /api/accel/set {"numAccel":10}
[2026-01-28 17:02:13.001460] [info] POST /api/decel/set {"numDecel":10}
[2026-01-28 17:02:13.104230] [debug] WebSocketServer: Broadcasting to 1 clients: {"server_time":"2026-01-28 17:02:13","timestamp":"1769608933104","isConnected":"True","numBoard":"0","numSteps":"1000","numSpeed":"10.000000","numAccel":"10","numDecel":"10","currentPos":"112","startPos":"1463828768","endPos":"29446"}
[2026-01-28 17:02:13.353483] [info] GET /api/move/forward
[2026-01-28 17:02:14.104525] [debug] WebSocketServer: Broadcasting to 1 clients: {"server_time":"2026-01-28 17:02:14","timestamp":"1769608934104","isConnected":"True","numBoard":"0","numSteps":"1000","numSpeed":"10.000000","numAccel":"10","numDecel":"10","currentPos":"112","startPos":"1463828768","endPos":"29446"}
[2026-01-28 17:02:14.481480] [info] GET /api/move/backward
[2026-01-28 17:02:15.104818] [debug] WebSocketServer: Broadcasting to 1 clients: {"server_time":"2026-01-28 17:02:15","timestamp":"1769608935104","isConnected":"True","numBoard":"0","numSteps":"1000","numSpeed":"10.000000","numAccel":"10","numDecel":"10","currentPos":"112","startPos":"1463828768","endPos":"29446"}
[2026-01-28 17:02:15.902477] [info] WebSocket client disconnected (ENOTCONN)
[2026-01-28 17:02:15.902594] [info] Session removed. Active clients: 0
[2026-01-28 17:02:15.902633] [info] WebSocket session destroyed
[2026-01-28 17:07:03.904360] [info] RestApiServer created on port 8080
[2026-01-28 17:07:03.904537] [info] WebSocketServer created on port 8081
[2026-01-28 17:07:03.904637] [info] GrpcApiServer created on port 50051
[2026-01-28 17:07:03.905267] [info] MqttApiServer created. Broker: tcp://localhost:1883
[2026-01-28 17:07:03.905380] [info] WebSocketServer: Started auto updates with interval 1000ms
[2026-01-28 17:07:03.905363] [info] WebSocketServer starting on port 8081
[2026-01-28 17:07:03.905409] [info] WebSocketServer: Auto update worker started
[2026-01-28 17:07:03.905517] [info] Connecting to MQTT Brokear...
[2026-01-28 17:07:03.905578] [info] Run RestApiServer on port 8080
[2026-01-28 17:07:03.907675] [info] Run gRPC Server on 0.0.0.0:50051
[2026-01-28 17:07:03.916271] [info] MQTT Connected successfully
[2026-01-28 17:08:43.007376] [info] WebSocket client connected. Total clients: 1
[2026-01-28 17:08:43.919568] [debug] WebSocketServer: Broadcasting to 1 clients: {"server_time":"2026-01-28 17:08:43","timestamp":"1769609323919","isConnected":"False","numBoard":"0","numSteps":"24354","numSpeed":"-202608109349584354591119507456.000000","numAccel":"34","numDecel":"95","currentPos":"112","startPos":"287326496","endPos":"31308"}
[2026-01-28 17:08:44.919971] [debug] WebSocketServer: Broadcasting to 1 clients: {"server_time":"2026-01-28 17:08:44","timestamp":"1769609324919","isConnected":"False","numBoard":"0","numSteps":"24354","numSpeed":"-202608109349584354591119507456.000000","numAccel":"34","numDecel":"95","currentPos":"112","startPos":"287326496","endPos":"31308"}
[2026-01-28 17:08:45.920470] [debug] WebSocketServer: Broadcasting to 1 clients: {"server_time":"2026-01-28 17:08:45","timestamp":"1769609325920","isConnected":"False","numBoard":"0","numSteps":"24354","numSpeed":"-202608109349584354591119507456.000000","numAccel":"34","numDecel":"95","currentPos":"112","startPos":"287326496","endPos":"31308"}
[2026-01-28 17:08:46.225541] [info] WebSocket client disconnected (ENOTCONN)
[2026-01-28 17:08:46.225667] [info] Session removed. Active clients: 0
[2026-01-28 17:08:46.225713] [info] WebSocket session destroyed
[2026-01-28 17:09:42.248487] [info] WebSocket client connected. Total clients: 1
[2026-01-28 17:09:42.928825] [debug] WebSocketServer: Broadcasting to 1 clients: {"server_time":"2026-01-28 17:09:42","timestamp":"1769609382928","isConnected":"False","numBoard":"0","numSteps":"24354","numSpeed":"-202608109349584354591119507456.000000","numAccel":"34","numDecel":"95","currentPos":"112","startPos":"287326496","endPos":"31308"}
[2026-01-28 17:09:43.929350] [debug] WebSocketServer: Broadcasting to 1 clients: {"server_time":"2026-01-28 17:09:43","timestamp":"1769609383929","isConnected":"False","numBoard":"0","numSteps":"24354","numSpeed":"-202608109349584354591119507456.000000","numAccel":"34","numDecel":"95","currentPos":"112","startPos":"287326496","endPos":"31308"}
[2026-01-28 17:09:44.929870] [debug] WebSocketServer: Broadcasting to 1 clients: {"server_time":"2026-01-28 17:09:44","timestamp":"1769609384929","isConnected":"False","numBoard":"0","numSteps":"24354","numSpeed":"-202608109349584354591119507456.000000","numAccel":"34","numDecel":"95","currentPos":"112","startPos":"287326496","endPos":"31308"}
[2026-01-28 17:09:45.930213] [debug] WebSocketServer: Broadcasting to 1 clients: {"server_time":"2026-01-28 17:09:45","timestamp":"1769609385930","isConnected":"False","numBoard":"0","numSteps":"24354","numSpeed":"-202608109349584354591119507456.000000","numAccel":"34","numDecel":"95","currentPos":"112","startPos":"287326496","endPos":"31308"}
[2026-01-28 17:09:46.242071] [info] WebSocket client disconnected (ENOTCONN)
[2026-01-28 17:09:46.242162] [info] Session removed. Active clients: 0
[2026-01-28 17:09:46.242193] [info] WebSocket session destroyed
[2026-01-28 17:09:47.903727] [info] WebSocket client connected. Total clients: 1
[2026-01-28 17:09:47.930781] [debug] WebSocketServer: Broadcasting to 1 clients: {"server_time":"2026-01-28 17:09:47","timestamp":"1769609387930","isConnected":"False","numBoard":"0","numSteps":"24354","numSpeed":"-202608109349584354591119507456.000000","numAccel":"34","numDecel":"95","currentPos":"112","startPos":"287326496","endPos":"31308"}
[2026-01-28 17:09:48.931322] [debug] WebSocketServer: Broadcasting to 1 clients: {"server_time":"2026-01-28 17:09:48","timestamp":"1769609388931","isConnected":"False","numBoard":"0","numSteps":"24354","numSpeed":"-202608109349584354591119507456.000000","numAccel":"34","numDecel":"95","currentPos":"112","startPos":"287326496","endPos":"31308"}
[2026-01-28 17:09:48.938509] [info] WebSocket client disconnected (ENOTCONN)
[2026-01-28 17:09:48.938595] [info] Session removed. Active clients: 0
[2026-01-28 17:09:48.938630] [info] WebSocket session destroyed
[2026-01-28 17:11:18.883612] [info] WebSocket client connected. Total clients: 1
[2026-01-28 17:11:18.944715] [debug] WebSocketServer: Broadcasting to 1 clients: {"server_time":"2026-01-28 17:11:18","timestamp":"1769609478944","isConnected":"False","numBoard":"0","numSteps":"24354","numSpeed":"-202608109349584354591119507456.000000","numAccel":"34","numDecel":"95","currentPos":"112","startPos":"287326496","endPos":"31308"}
[2026-01-28 17:11:19.945039] [debug] WebSocketServer: Broadcasting to 1 clients: {"server_time":"2026-01-28 17:11:19","timestamp":"1769609479944","isConnected":"False","numBoard":"0","numSteps":"24354","numSpeed":"-202608109349584354591119507456.000000","numAccel":"34","numDecel":"95","currentPos":"112","startPos":"287326496","endPos":"31308"}
[2026-01-28 17:11:20.945351] [debug] WebSocketServer: Broadcasting to 1 clients: {"server_time":"2026-01-28 17:11:20","timestamp":"1769609480945","isConnected":"False","numBoard":"0","numSteps":"24354","numSpeed":"-202608109349584354591119507456.000000","numAccel":"34","numDecel":"95","currentPos":"112","startPos":"287326496","endPos":"31308"}
[2026-01-28 17:11:21.945655] [debug] WebSocketServer: Broadcasting to 1 clients: {"server_time":"2026-01-28 17:11:21","timestamp":"1769609481945","isConnected":"False","numBoard":"0","numSteps":"24354","numSpeed":"-202608109349584354591119507456.000000","numAccel":"34","numDecel":"95","currentPos":"112","startPos":"287326496","endPos":"31308"}
[2026-01-28 17:11:22.945932] [debug] WebSocketServer: Broadcasting to 1 clients: {"server_time":"2026-01-28 17:11:22","timestamp":"1769609482945","isConnected":"False","numBoard":"0","numSteps":"24354","numSpeed":"-202608109349584354591119507456.000000","numAccel":"34","numDecel":"95","currentPos":"112","startPos":"287326496","endPos":"31308"}
[2026-01-28 17:11:23.946218] [debug] WebSocketServer: Broadcasting to 1 clients: {"server_time":"2026-01-28 17:11:23","timestamp":"1769609483946","isConnected":"False","numBoard":"0","numSteps":"24354","numSpeed":"-202608109349584354591119507456.000000","numAccel":"34","numDecel":"95","currentPos":"112","startPos":"287326496","endPos":"31308"}
[2026-01-28 17:11:24.946794] [debug] WebSocketServer: Broadcasting to 1 clients: {"server_time":"2026-01-28 17:11:24","timestamp":"1769609484946","isConnected":"False","numBoard":"0","numSteps":"24354","numSpeed":"-202608109349584354591119507456.000000","numAccel":"34","numDecel":"95","currentPos":"112","startPos":"287326496","endPos":"31308"}
[2026-01-28 17:11:25.947098] [debug] WebSocketServer: Broadcasting to 1 clients: {"server_time":"2026-01-28 17:11:25","timestamp":"1769609485947","isConnected":"False","numBoard":"0","numSteps":"24354","numSpeed":"-202608109349584354591119507456.000000","numAccel":"34","numDecel":"95","currentPos":"112","startPos":"287326496","endPos":"31308"}
[2026-01-28 17:11:26.947378] [debug] WebSocketServer: Broadcasting to 1 clients: {"server_time":"2026-01-28 17:11:26","timestamp":"1769609486947","isConnected":"False","numBoard":"0","numSteps":"24354","numSpeed":"-202608109349584354591119507456.000000","numAccel":"34","numDecel":"95","currentPos":"112","startPos":"287326496","endPos":"31308"}
[2026-01-28 17:11:27.947678] [debug] WebSocketServer: Broadcasting to 1 clients: {"server_time":"2026-01-28 17:11:27","timestamp":"1769609487947","isConnected":"False","numBoard":"0","numSteps":"24354","numSpeed":"-202608109349584354591119507456.000000","numAccel":"34","numDecel":"95","currentPos":"112","startPos":"287326496","endPos":"31308"}
[2026-01-28 17:11:28.947940] [debug] WebSocketServer: Broadcasting to 1 clients: {"server_time":"2026-01-28 17:11:28","timestamp":"1769609488947","isConnected":"False","numBoard":"0","numSteps":"24354","numSpeed":"-202608109349584354591119507456.000000","numAccel":"34","numDecel":"95","currentPos":"112","startPos":"287326496","endPos":"31308"}
[2026-01-28 17:11:29.120459] [info] WebSocket client disconnected (ENOTCONN)
[2026-01-28 17:11:29.120570] [info] Session removed. Active clients: 0
[2026-01-28 17:11:29.120613] [info] WebSocket session destroyed
[2026-01-28 17:14:12.934804] [info] WebSocket client connected. Total clients: 1
[2026-01-28 17:14:12.978271] [debug] WebSocketServer: Broadcasting to 1 clients: {"server_time":"2026-01-28 17:14:12","timestamp":"1769609652978","isConnected":"False","numBoard":"0","numSteps":"24354","numSpeed":"-202608109349584354591119507456.000000","numAccel":"34","numDecel":"95","currentPos":"112","startPos":"287326496","endPos":"31308"}
[2026-01-28 17:14:13.978694] [debug] WebSocketServer: Broadcasting to 1 clients: {"server_time":"2026-01-28 17:14:13","timestamp":"1769609653978","isConnected":"False","numBoard":"0","numSteps":"24354","numSpeed":"-202608109349584354591119507456.000000","numAccel":"34","numDecel":"95","currentPos":"112","startPos":"287326496","endPos":"31308"}
[2026-01-28 17:14:14.978999] [debug] WebSocketServer: Broadcasting to 1 clients: {"server_time":"2026-01-28 17:14:14","timestamp":"1769609654978","isConnected":"False","numBoard":"0","numSteps":"24354","numSpeed":"-202608109349584354591119507456.000000","numAccel":"34","numDecel":"95","currentPos":"112","startPos":"287326496","endPos":"31308"}
[2026-01-28 17:14:15.979321] [debug] WebSocketServer: Broadcasting to 1 clients: {"server_time":"2026-01-28 17:14:15","timestamp":"1769609655979","isConnected":"False","numBoard":"0","numSteps":"24354","numSpeed":"-202608109349584354591119507456.000000","numAccel":"34","numDecel":"95","currentPos":"112","startPos":"287326496","endPos":"31308"}
[2026-01-28 17:14:16.979658] [debug] WebSocketServer: Broadcasting to 1 clients: {"server_time":"2026-01-28 17:14:16","timestamp":"1769609656979","isConnected":"False","numBoard":"0","numSteps":"24354","numSpeed":"-202608109349584354591119507456.000000","numAccel":"34","numDecel":"95","currentPos":"112","startPos":"287326496","endPos":"31308"}
[2026-01-28 17:14:17.980032] [debug] WebSocketServer: Broadcasting to 1 clients: {"server_time":"2026-01-28 17:14:17","timestamp":"1769609657979","isConnected":"False","numBoard":"0","numSteps":"24354","numSpeed":"-202608109349584354591119507456.000000","numAccel":"34","numDecel":"95","currentPos":"112","startPos":"287326496","endPos":"31308"}
[2026-01-28 17:14:18.980320] [debug] WebSocketServer: Broadcasting to 1 clients: {"server_time":"2026-01-28 17:14:18","timestamp":"1769609658980","isConnected":"False","numBoard":"0","numSteps":"24354","numSpeed":"-202608109349584354591119507456.000000","numAccel":"34","numDecel":"95","currentPos":"112","startPos":"287326496","endPos":"31308"}
[2026-01-28 17:14:19.647660] [info] POST /api/board/set {"numBoard":0}
[2026-01-28 17:14:19.980607] [debug] WebSocketServer: Broadcasting to 1 clients: {"server_time":"2026-01-28 17:14:19","timestamp":"1769609659980","isConnected":"False","numBoard":"0","numSteps":"24354","numSpeed":"-202608109349584354591119507456.000000","numAccel":"34","numDecel":"95","currentPos":"112","startPos":"287326496","endPos":"31308"}
[2026-01-28 17:14:20.980889] [debug] WebSocketServer: Broadcasting to 1 clients: {"server_time":"2026-01-28 17:14:20","timestamp":"1769609660980","isConnected":"False","numBoard":"0","numSteps":"24354","numSpeed":"-202608109349584354591119507456.000000","numAccel":"34","numDecel":"95","currentPos":"112","startPos":"287326496","endPos":"31308"}
[2026-01-28 17:14:21.109734] [info] POST /api/steps/set {"numSteps":1000}
[2026-01-28 17:14:21.517736] [info] POST /api/speed/set {"numSpeed":10}
[2026-01-28 17:14:21.837736] [info] POST /api/accel/set {"numAccel":10}
[2026-01-28 17:14:21.981228] [debug] WebSocketServer: Broadcasting to 1 clients: {"server_time":"2026-01-28 17:14:21","timestamp":"1769609661981","isConnected":"False","numBoard":"0","numSteps":"1000","numSpeed":"10.000000","numAccel":"10","numDecel":"95","currentPos":"112","startPos":"287326496","endPos":"31308"}
[2026-01-28 17:14:22.109715] [info] POST /api/decel/set {"numDecel":10}
[2026-01-28 17:14:22.357093] [info] GET /api/move/forward
[2026-01-28 17:14:22.709110] [info] GET /api/move/backward
[2026-01-28 17:14:22.981543] [debug] WebSocketServer: Broadcasting to 1 clients: {"server_time":"2026-01-28 17:14:22","timestamp":"1769609662981","isConnected":"False","numBoard":"0","numSteps":"1000","numSpeed":"10.000000","numAccel":"10","numDecel":"10","currentPos":"112","startPos":"287326496","endPos":"31308"}
[2026-01-28 17:14:23.012754] [info] GET /api/move/forward
[2026-01-28 17:14:23.556826] [info] GET /api/move/forward
[2026-01-28 17:14:23.981834] [debug] WebSocketServer: Broadcasting to 1 clients: {"server_time":"2026-01-28 17:14:23","timestamp":"1769609663981","isConnected":"False","numBoard":"0","numSteps":"1000","numSpeed":"10.000000","numAccel":"10","numDecel":"10","currentPos":"112","startPos":"287326496","endPos":"31308"}
[2026-01-28 17:14:24.428717] [info] GET /api/move/forward
[2026-01-28 17:14:24.804814] [info] GET /api/move/backward
[2026-01-28 17:14:24.982109] [debug] WebSocketServer: Broadcasting to 1 clients: {"server_time":"2026-01-28 17:14:24","timestamp":"1769609664982","isConnected":"False","numBoard":"0","numSteps":"1000","numSpeed":"10.000000","numAccel":"10","numDecel":"10","currentPos":"112","startPos":"287326496","endPos":"31308"}
[2026-01-28 17:14:25.982377] [debug] WebSocketServer: Broadcasting to 1 clients: {"server_time":"2026-01-28 17:14:25","timestamp":"1769609665982","isConnected":"False","numBoard":"0","numSteps":"1000","numSpeed":"10.000000","numAccel":"10","numDecel":"10","currentPos":"112","startPos":"287326496","endPos":"31308"}
[2026-01-28 17:14:26.982686] [debug] WebSocketServer: Broadcasting to 1 clients: {"server_time":"2026-01-28 17:14:26","timestamp":"1769609666982","isConnected":"False","numBoard":"0","numSteps":"1000","numSpeed":"10.000000","numAccel":"10","numDecel":"10","currentPos":"112","startPos":"287326496","endPos":"31308"}
[2026-01-28 17:14:27.293719] [info] GET /api/connect
[2026-01-28 17:14:27.982956] [debug] WebSocketServer: Broadcasting to 1 clients: {"server_time":"2026-01-28 17:14:27","timestamp":"1769609667982","isConnected":"True","numBoard":"0","numSteps":"1000","numSpeed":"10.000000","numAccel":"10","numDecel":"10","currentPos":"112","startPos":"287326496","endPos":"31308"}
[2026-01-28 17:14:28.444741] [info] POST /api/board/set {"numBoard":0}
[2026-01-28 17:14:28.680339] [info] POST /api/steps/set {"numSteps":1000}
[2026-01-28 17:14:28.983250] [debug] WebSocketServer: Broadcasting to 1 clients: {"server_time":"2026-01-28 17:14:28","timestamp":"1769609668983","isConnected":"True","numBoard":"0","numSteps":"1000","numSpeed":"10.000000","numAccel":"10","numDecel":"10","currentPos":"112","startPos":"287326496","endPos":"31308"}
[2026-01-28 17:14:29.000322] [info] POST /api/speed/set {"numSpeed":10}
[2026-01-28 17:14:29.288325] [info] POST /api/accel/set {"numAccel":10}
[2026-01-28 17:14:29.888314] [info] POST /api/decel/set {"numDecel":10}
[2026-01-28 17:14:29.983525] [debug] WebSocketServer: Broadcasting to 1 clients: {"server_time":"2026-01-28 17:14:29","timestamp":"1769609669983","isConnected":"True","numBoard":"0","numSteps":"1000","numSpeed":"10.000000","numAccel":"10","numDecel":"10","currentPos":"112","startPos":"287326496","endPos":"31308"}
[2026-01-28 17:14:30.176313] [info] GET /api/move/forward
[2026-01-28 17:14:30.983819] [debug] WebSocketServer: Broadcasting to 1 clients: {"server_time":"2026-01-28 17:14:30","timestamp":"1769609670983","isConnected":"True","numBoard":"0","numSteps":"1000","numSpeed":"10.000000","numAccel":"10","numDecel":"10","currentPos":"112","startPos":"287326496","endPos":"31308"}
[2026-01-28 17:14:31.072305] [info] GET /api/move/backward
[2026-01-28 17:14:31.512299] [info] GET /api/move/backward
[2026-01-28 17:14:31.984123] [debug] WebSocketServer: Broadcasting to 1 clients: {"server_time":"2026-01-28 17:14:31","timestamp":"1769609671984","isConnected":"True","numBoard":"0","numSteps":"1000","numSpeed":"10.000000","numAccel":"10","numDecel":"10","currentPos":"112","startPos":"287326496","endPos":"31308"}
[2026-01-28 17:14:32.984418] [debug] WebSocketServer: Broadcasting to 1 clients: {"server_time":"2026-01-28 17:14:32","timestamp":"1769609672984","isConnected":"True","numBoard":"0","numSteps":"1000","numSpeed":"10.000000","numAccel":"10","numDecel":"10","currentPos":"112","startPos":"287326496","endPos":"31308"}
[2026-01-28 17:14:33.984712] [debug] WebSocketServer: Broadcasting to 1 clients: {"server_time":"2026-01-28 17:14:33","timestamp":"1769609673984","isConnected":"True","numBoard":"0","numSteps":"1000","numSpeed":"10.000000","numAccel":"10","numDecel":"10","currentPos":"112","startPos":"287326496","endPos":"31308"}
[2026-01-28 17:14:34.984984] [debug] WebSocketServer: Broadcasting to 1 clients: {"server_time":"2026-01-28 17:14:34","timestamp":"1769609674984","isConnected":"True","numBoard":"0","numSteps":"1000","numSpeed":"10.000000","numAccel":"10","numDecel":"10","currentPos":"112","startPos":"287326496","endPos":"31308"}
[2026-01-28 17:14:35.985265] [debug] WebSocketServer: Broadcasting to 1 clients: {"server_time":"2026-01-28 17:14:35","timestamp":"1769609675985","isConnected":"True","numBoard":"0","numSteps":"1000","numSpeed":"10.000000","numAccel":"10","numDecel":"10","currentPos":"112","startPos":"287326496","endPos":"31308"}
[2026-01-28 17:14:36.985557] [debug] WebSocketServer: Broadcasting to 1 clients: {"server_time":"2026-01-28 17:14:36","timestamp":"1769609676985","isConnected":"True","numBoard":"0","numSteps":"1000","numSpeed":"10.000000","numAccel":"10","numDecel":"10","currentPos":"112","startPos":"287326496","endPos":"31308"}
[2026-01-28 17:14:37.985851] [debug] WebSocketServer: Broadcasting to 1 clients: {"server_time":"2026-01-28 17:14:37","timestamp":"1769609677985","isConnected":"True","numBoard":"0","numSteps":"1000","numSpeed":"10.000000","numAccel":"10","numDecel":"10","currentPos":"112","startPos":"287326496","endPos":"31308"}
[2026-01-28 17:14:38.986152] [debug] WebSocketServer: Broadcasting to 1 clients: {"server_time":"2026-01-28 17:14:38","timestamp":"1769609678986","isConnected":"True","numBoard":"0","numSteps":"1000","numSpeed":"10.000000","numAccel":"10","numDecel":"10","currentPos":"112","startPos":"287326496","endPos":"31308"}
[2026-01-28 17:14:39.986435] [debug] WebSocketServer: Broadcasting to 1 clients: {"server_time":"2026-01-28 17:14:39","timestamp":"1769609679986","isConnected":"True","numBoard":"0","numSteps":"1000","numSpeed":"10.000000","numAccel":"10","numDecel":"10","currentPos":"112","startPos":"287326496","endPos":"31308"}
[2026-01-28 17:14:40.986713] [debug] WebSocketServer: Broadcasting to 1 clients: {"server_time":"2026-01-28 17:14:40","timestamp":"1769609680986","isConnected":"True","numBoard":"0","numSteps":"1000","numSpeed":"10.000000","numAccel":"10","numDecel":"10","currentPos":"112","startPos":"287326496","endPos":"31308"}
[2026-01-28 17:14:41.987004] [debug] WebSocketServer: Broadcasting to 1 clients: {"server_time":"2026-01-28 17:14:41","timestamp":"1769609681986","isConnected":"True","numBoard":"0","numSteps":"1000","numSpeed":"10.000000","numAccel":"10","numDecel":"10","currentPos":"112","startPos":"287326496","endPos":"31308"}
[2026-01-28 17:14:42.987301] [debug] WebSocketServer: Broadcasting to 1 clients: {"server_time":"2026-01-28 17:14:42","timestamp":"1769609682987","isConnected":"True","numBoard":"0","numSteps":"1000","numSpeed":"10.000000","numAccel":"10","numDecel":"10","currentPos":"112","startPos":"287326496","endPos":"31308"}
[2026-01-28 17:14:43.987774] [debug] WebSocketServer: Broadcasting to 1 clients: {"server_time":"2026-01-28 17:14:43","timestamp":"1769609683987","isConnected":"True","numBoard":"0","numSteps":"1000","numSpeed":"10.000000","numAccel":"10","numDecel":"10","currentPos":"112","startPos":"287326496","endPos":"31308"}
[2026-01-28 17:14:44.988071] [debug] WebSocketServer: Broadcasting to 1 clients: {"server_time":"2026-01-28 17:14:44","timestamp":"1769609684988","isConnected":"True","numBoard":"0","numSteps":"1000","numSpeed":"10.000000","numAccel":"10","numDecel":"10","currentPos":"112","startPos":"287326496","endPos":"31308"}
[2026-01-28 17:14:45.988394] [debug] WebSocketServer: Broadcasting to 1 clients: {"server_time":"2026-01-28 17:14:45","timestamp":"1769609685988","isConnected":"True","numBoard":"0","numSteps":"1000","numSpeed":"10.000000","numAccel":"10","numDecel":"10","currentPos":"112","startPos":"287326496","endPos":"31308"}
[2026-01-28 17:14:46.988788] [debug] WebSocketServer: Broadcasting to 1 clients: {"server_time":"2026-01-28 17:14:46","timestamp":"1769609686988","isConnected":"True","numBoard":"0","numSteps":"1000","numSpeed":"10.000000","numAccel":"10","numDecel":"10","currentPos":"112","startPos":"287326496","endPos":"31308"}
[2026-01-28 17:14:47.989140] [debug] WebSocketServer: Broadcasting to 1 clients: {"server_time":"2026-01-28 17:14:47","timestamp":"1769609687989","isConnected":"True","numBoard":"0","numSteps":"1000","numSpeed":"10.000000","numAccel":"10","numDecel":"10","currentPos":"112","startPos":"287326496","endPos":"31308"}
[2026-01-28 17:14:48.989695] [debug] WebSocketServer: Broadcasting to 1 clients: {"server_time":"2026-01-28 17:14:48","timestamp":"1769609688989","isConnected":"True","numBoard":"0","numSteps":"1000","numSpeed":"10.000000","numAccel":"10","numDecel":"10","currentPos":"112","startPos":"287326496","endPos":"31308"}
[2026-01-28 17:14:49.990002] [debug] WebSocketServer: Broadcasting to 1 clients: {"server_time":"2026-01-28 17:14:49","timestamp":"1769609689989","isConnected":"True","numBoard":"0","numSteps":"1000","numSpeed":"10.000000","numAccel":"10","numDecel":"10","currentPos":"112","startPos":"287326496","endPos":"31308"}
[2026-01-28 17:14:50.990351] [debug] WebSocketServer: Broadcasting to 1 clients: {"server_time":"2026-01-28 17:14:50","timestamp":"1769609690990","isConnected":"True","numBoard":"0","numSteps":"1000","numSpeed":"10.000000","numAccel":"10","numDecel":"10","currentPos":"112","startPos":"287326496","endPos":"31308"}
[2026-01-28 17:14:51.741010] [info] WebSocket client disconnected (ENOTCONN)
[2026-01-28 17:14:51.741093] [info] Session removed. Active clients: 0
[2026-01-28 17:14:51.741125] [info] WebSocket session destroyed
